---
source: src/ssa/analysis.rs
expression: "ShowLifetimes::new(&lifetimes, &instrs)"

---
[     61, ----, -, -, -, -, -, -, -, -, -, -, -, -, -, -] %0 = args[0]
[     60,   34, -, -, -, -, -, -, -, -, -, -, -, -, -, -] %1 = args[1]
[     59,   33, 2, -, -, -, -, -, -, -, -, -, -, -, -, -] %2 = signed dword m(%1)00012000
[     58,   32, 1, -, -, -, -, -, -, -, -, -, -, -, -, -] x(%0)12 = %2
[     57,   31, 0, -, -, -, -, -, -, -, -, -, -, -, -, -] m(%1)00012204 = dword %2
[     56,   30, -, 1, -, -, -, -, -, -, -, -, -, -, -, -] %3 = signed dword m(%1)00012000
[     55,   29, -, 0, -, -, -, -, -, -, -, -, -, -, -, -] m(%1)00012208 = dword %3
[     54,   28, -, -, 1, -, -, -, -, -, -, -, -, -, -, -] %4 = signed dword m(%1)00012000
[     53,   27, -, -, 0, -, -, -, -, -, -, -, -, -, -, -] m(%1)0001220c = dword %4
[     52,   26, -, -, -, 1, -, -, -, -, -, -, -, -, -, -] %5 = signed dword m(%1)00012000
[     51,   25, -, -, -, 0, -, -, -, -, -, -, -, -, -, -] m(%1)00012210 = dword %5
[     50,   24, -, -, -, -, 1, -, -, -, -, -, -, -, -, -] %6 = signed dword m(%1)00012000
[     49,   23, -, -, -, -, 0, -, -, -, -, -, -, -, -, -] m(%1)00012214 = dword %6
[     48,   22, -, -, -, -, -, 2, -, -, -, -, -, -, -, -] %7 = signed dword m(%1)00012000
[     47,   21, -, -, -, -, -, 1, -, -, -, -, -, -, -, -] x(%0)15 = %7
[     46,   20, -, -, -, -, -, 0, -, -, -, -, -, -, -, -] m(%1)00012218 = dword %7
[     45,   19, -, -, -, -, -, -, 2, -, -, -, -, -, -, -] %8 = signed dword m(%1)00012000
[     44,   18, -, -, -, -, -, -, 1, -, -, -, -, -, -, -] x(%0)8 = %8
[     43,   17, -, -, -, -, -, -, 0, -, -, -, -, -, -, -] m(%1)0001221c = dword %8
[     42,   16, -, -, -, -, -, -, -, 2, -, -, -, -, -, -] %9 = signed dword m(%1)00012000
[     41,   15, -, -, -, -, -, -, -, 1, -, -, -, -, -, -] x(%0)9 = %9
[     40,   14, -, -, -, -, -, -, -, 0, -, -, -, -, -, -] m(%1)00012220 = dword %9
[     39,   13, -, -, -, -, -, -, -, -, 1, -, -, -, -, -] %10 = signed dword m(%1)00012000
[     38,   12, -, -, -, -, -, -, -, -, 0, -, -, -, -, -] m(%1)00012224 = dword %10
[     37,   11, -, -, -, -, -, -, -, -, -, 1, -, -, -, -] %11 = signed dword m(%1)00012000
[     36,   10, -, -, -, -, -, -, -, -, -, 0, -, -, -, -] m(%1)00012228 = dword %11
[     35,    9, -, -, -, -, -, -, -, -, -, -, 1, -, -, -] %12 = signed dword m(%1)00012000
[     34,    8, -, -, -, -, -, -, -, -, -, -, 0, -, -, -] m(%1)0001222c = dword %12
[     33,    7, -, -, -, -, -, -, -, -, -, -, -, 1, -, -] %13 = signed dword m(%1)00012000
[     32,    6, -, -, -, -, -, -, -, -, -, -, -, 0, -, -] m(%1)00012230 = dword %13
[     31,    5, -, -, -, -, -, -, -, -, -, -, -, -, 1, -] %14 = signed dword m(%1)00012000
[     30,    4, -, -, -, -, -, -, -, -, -, -, -, -, 0, -] m(%1)00012234 = dword %14
[     29,    3, -, -, -, -, -, -, -, -, -, -, -, -, -, 2] %15 = signed dword m(%1)00012000
[     28,    2, -, -, -, -, -, -, -, -, -, -, -, -, -, 1] x(%0)10 = %15
[     27,    1, -, -, -, -, -, -, -, -, -, -, -, -, -, 0] m(%1)00012238 = dword %15
[     26,    0, -, -, -, -, -, -, -, -, -, -, -, -, -, -] m(%1)00011000 = dword 00000001
[     25, ----, -, -, -, -, -, -, -, -, -, -, -, -, -, -] x(%0)1 = 00000001
[     24, ----, -, -, -, -, -, -, -, -, -, -, -, -, -, -] x(%0)2 = ff76df56
[     23, ----, -, -, -, -, -, -, -, -, -, -, -, -, -, -] x(%0)3 = 7fbb6fab
[     22, ----, -, -, -, -, -, -, -, -, -, -, -, -, -, -] x(%0)4 = bfddb7d5
[     21, ----, -, -, -, -, -, -, -, -, -, -, -, -, -, -] x(%0)5 = 000100f8
[     20, ----, -, -, -, -, -, -, -, -, -, -, -, -, -, -] x(%0)6 = 00012000
[     19, ----, -, -, -, -, -, -, -, -, -, -, -, -, -, -] x(%0)7 = b7fbb6fa
[     18, ----, -, -, -, -, -, -, -, -, -, -, -, -, -, -] x(%0)11 = 00011fd8
[     17, ----, -, -, -, -, -, -, -, -, -, -, -, -, -, -] x(%0)13 = 00011f88
[     16, ----, -, -, -, -, -, -, -, -, -, -, -, -, -, -] x(%0)14 = 00011ff0
[     15, ----, -, -, -, -, -, -, -, -, -, -, -, -, -, -] x(%0)16 = 7d5bfddb
[     14, ----, -, -, -, -, -, -, -, -, -, -, -, -, -, -] x(%0)17 = beadfeed
[     13, ----, -, -, -, -, -, -, -, -, -, -, -, -, -, -] x(%0)18 = df56ff76
[     12, ----, -, -, -, -, -, -, -, -, -, -, -, -, -, -] x(%0)19 = 6fab7fbb
[     11, ----, -, -, -, -, -, -, -, -, -, -, -, -, -, -] x(%0)20 = b7d5bfdd
[     10, ----, -, -, -, -, -, -, -, -, -, -, -, -, -, -] x(%0)21 = dbeadfee
[      9, ----, -, -, -, -, -, -, -, -, -, -, -, -, -, -] x(%0)22 = 6df56ff7
[      8, ----, -, -, -, -, -, -, -, -, -, -, -, -, -, -] x(%0)23 = b6fab7fb
[      7, ----, -, -, -, -, -, -, -, -, -, -, -, -, -, -] x(%0)24 = db7d5bfd
[      6, ----, -, -, -, -, -, -, -, -, -, -, -, -, -, -] x(%0)25 = edbeadfe
[      5, ----, -, -, -, -, -, -, -, -, -, -, -, -, -, -] x(%0)26 = 76df56ff
[      4, ----, -, -, -, -, -, -, -, -, -, -, -, -, -, -] x(%0)27 = bb6fab7f
[      3, ----, -, -, -, -, -, -, -, -, -, -, -, -, -, -] x(%0)28 = ddb7d5bf
[      2, ----, -, -, -, -, -, -, -, -, -, -, -, -, -, -] x(%0)29 = eedbeadf
[      1, ----, -, -, -, -, -, -, -, -, -, -, -, -, -, -] x(%0)30 = 00011202
[      0, ----, -, -, -, -, -, -, -, -, -, -, -, -, -, -] x(%0)31 = fbb6fab7
[-------, ----, -, -, -, -, -, -, -, -, -, -, -, -, -, -] ret 00000000, 00010202

