---
source: src/ssa/analysis.rs
expression: "ShowLifetimes::new(&lifetimes, &instrs)"

---
[     60, ----, -, ---, --, -, -, -, -, -, -, -, -, -, -] %0 = args[0]
[     59,   35, -, ---, --, -, -, -, -, -, -, -, -, -, -] %1 = args[1]
[     58,   34, 1, ---, --, -, -, -, -, -, -, -, -, -, -] %2 = signed dword m(%1)12047855
[     57,   33, 0, ---, --, -, -, -, -, -, -, -, -, -, -] x(%0)28 = %2
[     56,   32, -, ---, --, -, -, -, -, -, -, -, -, -, -] m(%1)74244 = dword 73680
[     55,   31, -,  26, --, -, -, -, -, -, -, -, -, -, -] %3 = signed dword m(%1)14636799
[     54,   30, -,  25, --, -, -, -, -, -, -, -, -, -, -] x(%0)27 = %3
[     53,   29, -,  24, --, -, -, -, -, -, -, -, -, -, -] m(%1)74248 = dword 2877274991
[     52,   28, -,  23, --, -, -, -, -, -, -, -, -, -, -] m(%1)74252 = dword 4117755757
[     51,   27, -,  22, 12, -, -, -, -, -, -, -, -, -, -] %5 = signed dword m(%1)11991743
[     50,   26, -,  21, 11, -, -, -, -, -, -, -, -, -, -] x(%0)29 = %5
[     49,   25, -,  20, 10, -, -, -, -, -, -, -, -, -, -] m(%1)74256 = dword 3940544219
[     48,   24, -,  19,  9, -, -, -, -, -, -, -, -, -, -] m(%1)74260 = dword 73728
[     47,   23, -,  18,  8, 1, -, -, -, -, -, -, -, -, -] %9 = signed dword m(%1)8215581
[     46,   22, -,  17,  7, 0, -, -, -, -, -, -, -, -, -] x(%0)31 = %9
[     45,   21, -,  16,  6, -, -, -, -, -, -, -, -, -, -] m(%1)74264 = dword 73720
[     44,   20, -,  15,  5, -, 1, -, -, -, -, -, -, -, -] %10 = add %3, 64
[     43,   19, -,  14,  4, -, 0, 1, -, -, -, -, -, -, -] %11 = and %10, 16777215
[     42,   18, -,  13,  3, -, -, 0, 1, -, -, -, -, -, -] %12 = signed dword m(%1)%11
[     41,   17, -,  12,  2, -, -, -, 0, -, -, -, -, -, -] x(%0)24 = %12
[     40,   16, -,  11,  1, -, -, -, -, -, -, -, -, -, -] m(%1)74268 = dword 73696
[     39,   15, -,  10,  0, -, -, -, -, 1, -, -, -, -, -] %13 = add %5, 120
[     38,   14, -,   9, --, -, -, -, -, 0, 1, -, -, -, -] %14 = and %13, 16777215
[     37,   13, -,   8, --, -, -, -, -, -, 0, 1, -, -, -] %15 = signed dword m(%1)%14
[     36,   12, -,   7, --, -, -, -, -, -, -, 0, -, -, -] x(%0)25 = %15
[     35,   11, -,   6, --, -, -, -, -, -, -, -, -, -, -] m(%1)74272 = dword 73724
[     34,   10, -,   5, --, -, -, -, -, -, -, -, -, -, -] m(%1)74276 = dword 73728
[     33,    9, -,   4, --, -, -, -, -, -, -, -, -, -, -] m(%1)74280 = dword 73728
[     32,    8, -,   3, --, -, -, -, -, -, -, -, -, -, -] m(%1)74284 = dword 73728
[     31,    7, -,   2, --, -, -, -, -, -, -, -, -, -, -] m(%1)74288 = dword 73728
[     30,    6, -,   1, --, -, -, -, -, -, -, -, -, -, -] m(%1)74292 = dword 73728
[     29,    5, -,   0, --, -, -, -, -, -, -, -, 1, -, -] %31 = add %3, 40
[     28,    4, -, ---, --, -, -, -, -, -, -, -, 0, 1, -] %32 = and %31, 16777215
[     27,    3, -, ---, --, -, -, -, -, -, -, -, -, 0, 1] %33 = signed dword m(%1)%32
[     26,    2, -, ---, --, -, -, -, -, -, -, -, -, -, 0] x(%0)26 = %33
[     25,    1, -, ---, --, -, -, -, -, -, -, -, -, -, -] m(%1)74296 = dword 73728
[     24,    0, -, ---, --, -, -, -, -, -, -, -, -, -, -] m(%1)69632 = dword 1
[     23, ----, -, ---, --, -, -, -, -, -, -, -, -, -, -] x(%0)1 = 1
[     22, ----, -, ---, --, -, -, -, -, -, -, -, -, -, -] x(%0)2 = 4285980502
[     21, ----, -, ---, --, -, -, -, -, -, -, -, -, -, -] x(%0)3 = 2142990251
[     20, ----, -, ---, --, -, -, -, -, -, -, -, -, -, -] x(%0)4 = 3218978773
[     19, ----, -, ---, --, -, -, -, -, -, -, -, -, -, -] x(%0)5 = 65784
[     18, ----, -, ---, --, -, -, -, -, -, -, -, -, -, -] x(%0)6 = 73728
[     17, ----, -, ---, --, -, -, -, -, -, -, -, -, -, -] x(%0)7 = 3086726906
[     16, ----, -, ---, --, -, -, -, -, -, -, -, -, -, -] x(%0)8 = 73696
[     15, ----, -, ---, --, -, -, -, -, -, -, -, -, -, -] x(%0)9 = 73724
[     14, ----, -, ---, --, -, -, -, -, -, -, -, -, -, -] x(%0)10 = 73728
[     13, ----, -, ---, --, -, -, -, -, -, -, -, -, -, -] x(%0)11 = 73688
[     12, ----, -, ---, --, -, -, -, -, -, -, -, -, -, -] x(%0)12 = 73680
[     11, ----, -, ---, --, -, -, -, -, -, -, -, -, -, -] x(%0)13 = 73608
[     10, ----, -, ---, --, -, -, -, -, -, -, -, -, -, -] x(%0)14 = 73712
[      9, ----, -, ---, --, -, -, -, -, -, -, -, -, -, -] x(%0)15 = 73720
[      8, ----, -, ---, --, -, -, -, -, -, -, -, -, -, -] x(%0)16 = 2103180763
[      7, ----, -, ---, --, -, -, -, -, -, -, -, -, -, -] x(%0)17 = 3199074029
[      6, ----, -, ---, --, -, -, -, -, -, -, -, -, -, -] x(%0)18 = 3747020662
[      5, ----, -, ---, --, -, -, -, -, -, -, -, -, -, -] x(%0)19 = 1873510331
[      4, ----, -, ---, --, -, -, -, -, -, -, -, -, -, -] x(%0)20 = 3084238813
[      3, ----, -, ---, --, -, -, -, -, -, -, -, -, -, -] x(%0)21 = 3689603054
[      2, ----, -, ---, --, -, -, -, -, -, -, -, -, -, -] x(%0)22 = 1844801527
[      1, ----, -, ---, --, -, -, -, -, -, -, -, -, -, -] x(%0)23 = 3069884411
[      0, ----, -, ---, --, -, -, -, -, -, -, -, -, -, -] x(%0)30 = 70146
[-------, ----, -, ---, --, -, -, -, -, -, -, -, -, -, -] ret 0, 66050

